// Jest Snapshot v1, https://goo.gl/fbAQLP

exports[`Teting DescriptionPage component should render correctly 1`] = `
<div
  className="description-page "
>
  Mi descripci√≥n
</div>
`;
