// Jest Snapshot v1, https://goo.gl/fbAQLP

exports[`Teting DescriptionPage component should render correctly 1`] = `
<span
  className="route-navigation"
>
  mi-route
</span>
`;
