// Jest Snapshot v1, https://goo.gl/fbAQLP

exports[`Teting DescriptionPage component should render correctly 1`] = `
<h1
  className=" "
>
  mi-title
</h1>
`;
